// Jest Snapshot v1, https://goo.gl/fbAQLP

exports[`index de 1`] = `
"<h2>Impressum</h2>
<p>
  Sebastian Landwehr<br>
  Breite Str. 20<br>
  53111 Bonn<br>
  Deutschland
</p>

<h3>Kontakt</h3>
<p>
  E-Mail: info@sebastianlandwehr.com<br>
  Telefon: +49 177 5055641<br>
</p>

<h3>Redaktionell verantwortlich gemäß § 55 Abs. 2 RStV</h3>
<p>
  Sebastian Landwehr<br>
  Breite Str. 20<br>
  53111 Bonn<br>
  Deutschland
</p>"
`;

exports[`index en 1`] = `
"<h2>Legal Notice</h2>
<p>
  Sebastian Landwehr<br>
  Breite Str. 20<br>
  53111 Bonn<br>
  Germany
</p>

<h3>Contact</h3>
<p>
  Email: info@sebastianlandwehr.com<br>
  Phone: +49 177 5055641<br>
</p>

<h3>Person responsible for content in accordance with § 55 Abs. 2 RStV</h3>
<p>
  Sebastian Landwehr<br>
  Breite Str. 20<br>
  53111 Bonn<br>
  Germany
</p>"
`;
